// Jest Snapshot v1, https://goo.gl/fbAQLP

exports[`readFile works correctly 1`] = `
"#Life 1.05
#D Name: single_cell
#D The smallest known period 13 oscillator.
#D www.conwaylife.com/wiki/index.php?title=34P13
#N
#P -8 -8
*
"
`;
