// Jest Snapshot v1, https://goo.gl/fbAQLP

exports[`should render Canvas correctly 1`] = `
<div
  id="canvas-container"
>
  <canvas
    id="canvas"
  />
</div>
`;
