// Jest Snapshot v1, https://goo.gl/fbAQLP

exports[`should render Title correctly 1`] = `
<h1
  id="title"
>
  Test title
</h1>
`;
